{
  "workflowRunCount" : 2,
  "studies" : [ "CPC-GENE" ],
  "sequencerRuns" : [ "130508_SN203_0177_AC1LMEACXX", "130522_h803_0122_AC1N00ACXX", "130531_SN804_0118_BC0J20ACXX" ],
  "lanes" : [ "130508_SN203_0177_AC1LMEACXX_lane_4", "130508_SN203_0177_AC1LMEACXX_lane_5", "130508_SN203_0177_AC1LMEACXX_lane_6", "130508_SN203_0177_AC1LMEACXX_lane_7", "130508_SN203_0177_AC1LMEACXX_lane_8", "130522_h803_0122_AC1N00ACXX_lane_5", "130522_h803_0122_AC1N00ACXX_lane_6", "130522_h803_0122_AC1N00ACXX_lane_7", "130522_h803_0122_AC1N00ACXX_lane_8", "130531_SN804_0118_BC0J20ACXX_lane_7" ],
  "samples" : [ "CPCG_0235_Ly_R_PE_765_WG", "CPCG_0235_Ly_R_PE_788_WG", "CPCG_0235_Pr_P_PE_675_WG", "CPCG_0235_Pr_P_PE_729_WG", "CPCG_0235_Pr_P_PE_810_WG" ],
  "workflows" : [ "GenomicAlignmentNovoalign" ],
  "processingAlgorithms" : [ "PicardAddReadGroups" ],
  "fileMetaTypes" : [ "application/bam" ],
  "maxInputFiles" : 6,
  "minInputFiles" : 4,
  "totalInputFiles" : 10,
  "workflowRuns" : [ {
    "workflowIni" : {
      "aligner_name" : "GenomicAlignmentNovoalign",
      "bqsr_covariates" : "ReadGroupCovariate,QualityScoreCovariate,CycleCovariate,ContextCovariate,RepeatLengthCovariate,RepeatUnitCovariate,RepeatUnitAndLengthCovariate",
      "chr_sizes" : "chr1,chr2,chr3,chr4,chr5,chr6,chr7,chr8,chr9,chr10,chr11,chr12,chr13,chr14,chr15,chr16,chr17,chr18,chr19,chr20,chr21,chr22,chrX,chrY,chrM",
      "do_bqsr" : "true",
      "do_mark_duplicates" : "true",
      "do_remove_duplicates" : "true",
      "do_sam_filter" : "true",
      "gatk_base_recalibrator_mem" : "9728",
      "gatk_base_recalibrator_nct" : "24",
      "gatk_base_recalibrator_smp" : "20",
      "gatk_base_recalibrator_xmx" : "8192",
      "gatk_dbsnp_vcf" : "/.mounts/labs/PDE/data/MutectStrelka/dbSNP/dbsnp_138.hg19.leftAligned.vcf.gz",
      "gatk_haplotype_caller_threads" : "8",
      "gatk_haplotype_caller_xmx" : "12",
      "gatk_indel_realigner_xmx" : "12",
      "gatk_key" : "/.mounts/labs/PDE/data/gatkAnnotationResources/GATK_public.key",
      "gatk_print_reads_xmx" : "12",
      "gatk_realign_target_creator_xmx" : "12",
      "gatk_sched_overhead_mem" : "4",
      "gatk_unified_genotyper_threads" : "8",
      "gatk_unified_genotyper_xmx" : "12",
      "identifier" : "CPCG_0235_Ly_R_WG",
      "interval-padding" : "100",
      "java" : "${workflow_bundle_dir}/Workflow_Bundle_BamMergePreprocessing/1.0.1/bin/jre1.7.0_51/bin/java",
      "manual_output" : "false",
      "metadata" : "metadata",
      "output_dir" : "seqware-results",
      "output_prefix" : "./",
      "picard_dir" : "${workflow_bundle_dir}/Workflow_Bundle_BamMergePreprocessing/1.0.1/bin/picard-tools-1.89/",
      "picard_mark_duplicates" : "${workflow_bundle_dir}/Workflow_Bundle_BamMergePreprocessing/1.0.1/bin/picard-tools-1.89/MarkDuplicates.jar",
      "picard_mark_duplicates_mem_mb" : "10000",
      "picard_merge_sam" : "${workflow_bundle_dir}/Workflow_Bundle_BamMergePreprocessing/1.0.1/bin/picard-tools-1.89/MergeSamFiles.jar",
      "picard_merge_sam_mem_mb" : "10000",
      "picard_merge_use_threading" : "true",
      "picard_sort_sam" : "${workflow_bundle_dir}/Workflow_Bundle_BamMergePreprocessing/1.0.1/bin/picard-tools-1.89/SortSam.jar",
      "queue" : "",
      "r_dir" : "/oicr/local/analysis/sw/R/R-3.1.0/",
      "ref_fasta" : "/.mounts/labs/PDE/data/gatkAnnotationResources/hg19_random.fa",
      "samtools" : "${workflow_bundle_dir}/Workflow_Bundle_BamMergePreprocessing/1.0.1/bin/samtools-0.1.19/samtools",
      "samtools_filter_flag" : "260",
      "samtools_mem_mb" : "12000",
      "sort_order" : "coordinate",
      "stand-call-conf" : "30.0",
      "stand-emit-conf" : "1.0",
      "tmp_dir" : "tmp"
    },
    "files" : [ {
      "studyTitle" : [ "CPC-GENE" ],
      "studyAttributes" : {
        "study.geo_lab_group_id" : [ [ "112" ] ]
      },
      "experimentName" : [ "Geo_CPC-GENE_ILLUMINA_WG_{F*101}{..}{R*101}" ],
      "experimentAttributes" : { },
      "sampleName" : [ "CPCG_0235_Ly_R_PE_765_WG" ],
      "sampleAttributes" : {
        "sample.geo_library_source_template_type" : [ [ "WG" ] ],
        "sample.geo_run_id_and_position_and_slot" : [ [ "1420_7_1", "1442_2_2", "1456_7_2", "1460_2_2", "1699_2_2" ] ],
        "sample.geo_template_id" : [ [ "31885" ] ],
        "sample.geo_template_type" : [ [ "Illumina PE Library Seq" ] ],
        "sample.geo_tissue_origin" : [ [ "Ly" ] ],
        "sample.geo_tissue_type" : [ [ "R" ] ]
      },
      "sequencerRunName" : [ "130508_SN203_0177_AC1LMEACXX" ],
      "sequencerRunAttributes" : {
        "sequencerrun.geo_instrument_run_id" : [ [ "1420" ] ]
      },
      "laneName" : [ "130508_SN203_0177_AC1LMEACXX_lane_7" ],
      "laneAttributes" : {
        "lane.geo_lane" : [ [ "7" ] ]
      },
      "iusTag" : [ "NoIndex" ],
      "iusAttributes" : { },
      "workflowName" : [ "GenomicAlignmentNovoalign" ],
      "processingAlgorithm" : [ "PicardAddReadGroups" ],
      "processingAttributes" : { },
      "fileMetaType" : [ "application/bam" ],
      "fileAttributes" : { },
      "fileId" : 1377708275
    }, {
      "studyTitle" : [ "CPC-GENE" ],
      "studyAttributes" : {
        "study.geo_lab_group_id" : [ [ "112" ] ]
      },
      "experimentName" : [ "Geo_CPC-GENE_ILLUMINA_WG_{F*101}{..}{R*101}" ],
      "experimentAttributes" : { },
      "sampleName" : [ "CPCG_0235_Ly_R_PE_765_WG" ],
      "sampleAttributes" : {
        "sample.geo_library_source_template_type" : [ [ "WG" ] ],
        "sample.geo_run_id_and_position_and_slot" : [ [ "1420_7_1", "1442_2_2", "1456_7_2", "1460_2_2", "1699_2_2" ] ],
        "sample.geo_template_id" : [ [ "31885" ] ],
        "sample.geo_template_type" : [ [ "Illumina PE Library Seq" ] ],
        "sample.geo_tissue_origin" : [ [ "Ly" ] ],
        "sample.geo_tissue_type" : [ [ "R" ] ]
      },
      "sequencerRunName" : [ "130531_SN804_0118_BC0J20ACXX" ],
      "sequencerRunAttributes" : {
        "sequencerrun.geo_instrument_run_id" : [ [ "1456" ] ]
      },
      "laneName" : [ "130531_SN804_0118_BC0J20ACXX_lane_7" ],
      "laneAttributes" : {
        "lane.geo_lane" : [ [ "7" ] ]
      },
      "iusTag" : [ "NoIndex" ],
      "iusAttributes" : { },
      "workflowName" : [ "GenomicAlignmentNovoalign" ],
      "processingAlgorithm" : [ "PicardAddReadGroups" ],
      "processingAttributes" : { },
      "fileMetaType" : [ "application/bam" ],
      "fileAttributes" : { },
      "fileId" : 1813617903
    }, {
      "studyTitle" : [ "CPC-GENE" ],
      "studyAttributes" : {
        "study.geo_lab_group_id" : [ [ "112" ] ]
      },
      "experimentName" : [ "Geo_CPC-GENE_ILLUMINA_WG_{F*101}{..}{R*101}" ],
      "experimentAttributes" : { },
      "sampleName" : [ "CPCG_0235_Ly_R_PE_788_WG" ],
      "sampleAttributes" : {
        "sample.geo_library_source_template_type" : [ [ "WG" ] ],
        "sample.geo_run_id_and_position_and_slot" : [ [ "1420_8_1", "1433_5_1" ] ],
        "sample.geo_template_id" : [ [ "31884" ] ],
        "sample.geo_template_type" : [ [ "Illumina PE Library Seq" ] ],
        "sample.geo_tissue_origin" : [ [ "Ly" ] ],
        "sample.geo_tissue_type" : [ [ "R" ] ]
      },
      "sequencerRunName" : [ "130508_SN203_0177_AC1LMEACXX" ],
      "sequencerRunAttributes" : {
        "sequencerrun.geo_instrument_run_id" : [ [ "1420" ] ]
      },
      "laneName" : [ "130508_SN203_0177_AC1LMEACXX_lane_8" ],
      "laneAttributes" : {
        "lane.geo_lane" : [ [ "8" ] ]
      },
      "iusTag" : [ "NoIndex" ],
      "iusAttributes" : { },
      "workflowName" : [ "GenomicAlignmentNovoalign" ],
      "processingAlgorithm" : [ "PicardAddReadGroups" ],
      "processingAttributes" : { },
      "fileMetaType" : [ "application/bam" ],
      "fileAttributes" : { },
      "fileId" : 1722267216
    }, {
      "studyTitle" : [ "CPC-GENE" ],
      "studyAttributes" : {
        "study.geo_lab_group_id" : [ [ "112" ] ]
      },
      "experimentName" : [ "Geo_CPC-GENE_ILLUMINA_WG_{F*101}{..}{R*101}" ],
      "experimentAttributes" : { },
      "sampleName" : [ "CPCG_0235_Ly_R_PE_788_WG" ],
      "sampleAttributes" : {
        "sample.geo_library_source_template_type" : [ [ "WG" ] ],
        "sample.geo_run_id_and_position_and_slot" : [ [ "1420_8_1", "1433_5_1" ] ],
        "sample.geo_template_id" : [ [ "31884" ] ],
        "sample.geo_template_type" : [ [ "Illumina PE Library Seq" ] ],
        "sample.geo_tissue_origin" : [ [ "Ly" ] ],
        "sample.geo_tissue_type" : [ [ "R" ] ]
      },
      "sequencerRunName" : [ "130522_h803_0122_AC1N00ACXX" ],
      "sequencerRunAttributes" : {
        "sequencerrun.geo_instrument_run_id" : [ [ "1433" ] ]
      },
      "laneName" : [ "130522_h803_0122_AC1N00ACXX_lane_5" ],
      "laneAttributes" : {
        "lane.geo_lane" : [ [ "5" ] ]
      },
      "iusTag" : [ "NoIndex" ],
      "iusAttributes" : { },
      "workflowName" : [ "GenomicAlignmentNovoalign" ],
      "processingAlgorithm" : [ "PicardAddReadGroups" ],
      "processingAttributes" : { },
      "fileMetaType" : [ "application/bam" ],
      "fileAttributes" : { },
      "fileId" : 254925786
    } ]
  }, {
    "workflowIni" : {
      "aligner_name" : "GenomicAlignmentNovoalign",
      "bqsr_covariates" : "ReadGroupCovariate,QualityScoreCovariate,CycleCovariate,ContextCovariate,RepeatLengthCovariate,RepeatUnitCovariate,RepeatUnitAndLengthCovariate",
      "chr_sizes" : "chr1,chr2,chr3,chr4,chr5,chr6,chr7,chr8,chr9,chr10,chr11,chr12,chr13,chr14,chr15,chr16,chr17,chr18,chr19,chr20,chr21,chr22,chrX,chrY,chrM",
      "do_bqsr" : "true",
      "do_mark_duplicates" : "true",
      "do_remove_duplicates" : "true",
      "do_sam_filter" : "true",
      "gatk_base_recalibrator_mem" : "9728",
      "gatk_base_recalibrator_nct" : "24",
      "gatk_base_recalibrator_smp" : "20",
      "gatk_base_recalibrator_xmx" : "8192",
      "gatk_dbsnp_vcf" : "/.mounts/labs/PDE/data/MutectStrelka/dbSNP/dbsnp_138.hg19.leftAligned.vcf.gz",
      "gatk_haplotype_caller_threads" : "8",
      "gatk_haplotype_caller_xmx" : "12",
      "gatk_indel_realigner_xmx" : "12",
      "gatk_key" : "/.mounts/labs/PDE/data/gatkAnnotationResources/GATK_public.key",
      "gatk_print_reads_xmx" : "12",
      "gatk_realign_target_creator_xmx" : "12",
      "gatk_sched_overhead_mem" : "4",
      "gatk_unified_genotyper_threads" : "8",
      "gatk_unified_genotyper_xmx" : "12",
      "identifier" : "CPCG_0235_Pr_P_WG",
      "interval-padding" : "100",
      "java" : "${workflow_bundle_dir}/Workflow_Bundle_BamMergePreprocessing/1.0.1/bin/jre1.7.0_51/bin/java",
      "manual_output" : "false",
      "metadata" : "metadata",
      "output_dir" : "seqware-results",
      "output_prefix" : "./",
      "picard_dir" : "${workflow_bundle_dir}/Workflow_Bundle_BamMergePreprocessing/1.0.1/bin/picard-tools-1.89/",
      "picard_mark_duplicates" : "${workflow_bundle_dir}/Workflow_Bundle_BamMergePreprocessing/1.0.1/bin/picard-tools-1.89/MarkDuplicates.jar",
      "picard_mark_duplicates_mem_mb" : "10000",
      "picard_merge_sam" : "${workflow_bundle_dir}/Workflow_Bundle_BamMergePreprocessing/1.0.1/bin/picard-tools-1.89/MergeSamFiles.jar",
      "picard_merge_sam_mem_mb" : "10000",
      "picard_merge_use_threading" : "true",
      "picard_sort_sam" : "${workflow_bundle_dir}/Workflow_Bundle_BamMergePreprocessing/1.0.1/bin/picard-tools-1.89/SortSam.jar",
      "queue" : "",
      "r_dir" : "/oicr/local/analysis/sw/R/R-3.1.0/",
      "ref_fasta" : "/.mounts/labs/PDE/data/gatkAnnotationResources/hg19_random.fa",
      "samtools" : "${workflow_bundle_dir}/Workflow_Bundle_BamMergePreprocessing/1.0.1/bin/samtools-0.1.19/samtools",
      "samtools_filter_flag" : "260",
      "samtools_mem_mb" : "12000",
      "sort_order" : "coordinate",
      "stand-call-conf" : "30.0",
      "stand-emit-conf" : "1.0",
      "tmp_dir" : "tmp"
    },
    "files" : [ {
      "studyTitle" : [ "CPC-GENE" ],
      "studyAttributes" : {
        "study.geo_lab_group_id" : [ [ "112" ] ]
      },
      "experimentName" : [ "Geo_CPC-GENE_ILLUMINA_WG_{F*101}{..}{R*101}" ],
      "experimentAttributes" : { },
      "sampleName" : [ "CPCG_0235_Pr_P_PE_675_WG" ],
      "sampleAttributes" : {
        "sample.geo_library_source_template_type" : [ [ "WG" ] ],
        "sample.geo_run_id_and_position_and_slot" : [ [ "1420_4_1", "1433_6_1" ] ],
        "sample.geo_template_id" : [ [ "31345" ] ],
        "sample.geo_template_type" : [ [ "Illumina PE Library Seq" ] ],
        "sample.geo_tissue_origin" : [ [ "Pr" ] ],
        "sample.geo_tissue_type" : [ [ "P" ] ]
      },
      "sequencerRunName" : [ "130508_SN203_0177_AC1LMEACXX" ],
      "sequencerRunAttributes" : {
        "sequencerrun.geo_instrument_run_id" : [ [ "1420" ] ]
      },
      "laneName" : [ "130508_SN203_0177_AC1LMEACXX_lane_4" ],
      "laneAttributes" : {
        "lane.geo_lane" : [ [ "4" ] ]
      },
      "iusTag" : [ "NoIndex" ],
      "iusAttributes" : { },
      "workflowName" : [ "GenomicAlignmentNovoalign" ],
      "processingAlgorithm" : [ "PicardAddReadGroups" ],
      "processingAttributes" : { },
      "fileMetaType" : [ "application/bam" ],
      "fileAttributes" : { },
      "fileId" : -914513688
    }, {
      "studyTitle" : [ "CPC-GENE" ],
      "studyAttributes" : {
        "study.geo_lab_group_id" : [ [ "112" ] ]
      },
      "experimentName" : [ "Geo_CPC-GENE_ILLUMINA_WG_{F*101}{..}{R*101}" ],
      "experimentAttributes" : { },
      "sampleName" : [ "CPCG_0235_Pr_P_PE_675_WG" ],
      "sampleAttributes" : {
        "sample.geo_library_source_template_type" : [ [ "WG" ] ],
        "sample.geo_run_id_and_position_and_slot" : [ [ "1420_4_1", "1433_6_1" ] ],
        "sample.geo_template_id" : [ [ "31345" ] ],
        "sample.geo_template_type" : [ [ "Illumina PE Library Seq" ] ],
        "sample.geo_tissue_origin" : [ [ "Pr" ] ],
        "sample.geo_tissue_type" : [ [ "P" ] ]
      },
      "sequencerRunName" : [ "130522_h803_0122_AC1N00ACXX" ],
      "sequencerRunAttributes" : {
        "sequencerrun.geo_instrument_run_id" : [ [ "1433" ] ]
      },
      "laneName" : [ "130522_h803_0122_AC1N00ACXX_lane_6" ],
      "laneAttributes" : {
        "lane.geo_lane" : [ [ "6" ] ]
      },
      "iusTag" : [ "NoIndex" ],
      "iusAttributes" : { },
      "workflowName" : [ "GenomicAlignmentNovoalign" ],
      "processingAlgorithm" : [ "PicardAddReadGroups" ],
      "processingAttributes" : { },
      "fileMetaType" : [ "application/bam" ],
      "fileAttributes" : { },
      "fileId" : -1329604003
    }, {
      "studyTitle" : [ "CPC-GENE" ],
      "studyAttributes" : {
        "study.geo_lab_group_id" : [ [ "112" ] ]
      },
      "experimentName" : [ "Geo_CPC-GENE_ILLUMINA_WG_{F*101}{..}{R*101}" ],
      "experimentAttributes" : { },
      "sampleName" : [ "CPCG_0235_Pr_P_PE_729_WG" ],
      "sampleAttributes" : {
        "sample.geo_library_source_template_type" : [ [ "WG" ] ],
        "sample.geo_run_id_and_position_and_slot" : [ [ "1420_5_1", "1433_7_1" ] ],
        "sample.geo_template_id" : [ [ "31344" ] ],
        "sample.geo_template_type" : [ [ "Illumina PE Library Seq" ] ],
        "sample.geo_tissue_origin" : [ [ "Pr" ] ],
        "sample.geo_tissue_type" : [ [ "P" ] ]
      },
      "sequencerRunName" : [ "130508_SN203_0177_AC1LMEACXX" ],
      "sequencerRunAttributes" : {
        "sequencerrun.geo_instrument_run_id" : [ [ "1420" ] ]
      },
      "laneName" : [ "130508_SN203_0177_AC1LMEACXX_lane_5" ],
      "laneAttributes" : {
        "lane.geo_lane" : [ [ "5" ] ]
      },
      "iusTag" : [ "NoIndex" ],
      "iusAttributes" : { },
      "workflowName" : [ "GenomicAlignmentNovoalign" ],
      "processingAlgorithm" : [ "PicardAddReadGroups" ],
      "processingAttributes" : { },
      "fileMetaType" : [ "application/bam" ],
      "fileAttributes" : { },
      "fileId" : -572801320
    }, {
      "studyTitle" : [ "CPC-GENE" ],
      "studyAttributes" : {
        "study.geo_lab_group_id" : [ [ "112" ] ]
      },
      "experimentName" : [ "Geo_CPC-GENE_ILLUMINA_WG_{F*101}{..}{R*101}" ],
      "experimentAttributes" : { },
      "sampleName" : [ "CPCG_0235_Pr_P_PE_729_WG" ],
      "sampleAttributes" : {
        "sample.geo_library_source_template_type" : [ [ "WG" ] ],
        "sample.geo_run_id_and_position_and_slot" : [ [ "1420_5_1", "1433_7_1" ] ],
        "sample.geo_template_id" : [ [ "31344" ] ],
        "sample.geo_template_type" : [ [ "Illumina PE Library Seq" ] ],
        "sample.geo_tissue_origin" : [ [ "Pr" ] ],
        "sample.geo_tissue_type" : [ [ "P" ] ]
      },
      "sequencerRunName" : [ "130522_h803_0122_AC1N00ACXX" ],
      "sequencerRunAttributes" : {
        "sequencerrun.geo_instrument_run_id" : [ [ "1433" ] ]
      },
      "laneName" : [ "130522_h803_0122_AC1N00ACXX_lane_7" ],
      "laneAttributes" : {
        "lane.geo_lane" : [ [ "7" ] ]
      },
      "iusTag" : [ "NoIndex" ],
      "iusAttributes" : { },
      "workflowName" : [ "GenomicAlignmentNovoalign" ],
      "processingAlgorithm" : [ "PicardAddReadGroups" ],
      "processingAttributes" : { },
      "fileMetaType" : [ "application/bam" ],
      "fileAttributes" : { },
      "fileId" : -1347328022
    }, {
      "studyTitle" : [ "CPC-GENE" ],
      "studyAttributes" : {
        "study.geo_lab_group_id" : [ [ "112" ] ]
      },
      "experimentName" : [ "Geo_CPC-GENE_ILLUMINA_WG_{F*101}{..}{R*101}" ],
      "experimentAttributes" : { },
      "sampleName" : [ "CPCG_0235_Pr_P_PE_810_WG" ],
      "sampleAttributes" : {
        "sample.geo_library_source_template_type" : [ [ "WG" ] ],
        "sample.geo_run_id_and_position_and_slot" : [ [ "1420_6_1", "1433_8_1" ] ],
        "sample.geo_template_id" : [ [ "31343" ] ],
        "sample.geo_template_type" : [ [ "Illumina PE Library Seq" ] ],
        "sample.geo_tissue_origin" : [ [ "Pr" ] ],
        "sample.geo_tissue_type" : [ [ "P" ] ]
      },
      "sequencerRunName" : [ "130508_SN203_0177_AC1LMEACXX" ],
      "sequencerRunAttributes" : {
        "sequencerrun.geo_instrument_run_id" : [ [ "1420" ] ]
      },
      "laneName" : [ "130508_SN203_0177_AC1LMEACXX_lane_6" ],
      "laneAttributes" : {
        "lane.geo_lane" : [ [ "6" ] ]
      },
      "iusTag" : [ "NoIndex" ],
      "iusAttributes" : { },
      "workflowName" : [ "GenomicAlignmentNovoalign" ],
      "processingAlgorithm" : [ "PicardAddReadGroups" ],
      "processingAttributes" : { },
      "fileMetaType" : [ "application/bam" ],
      "fileAttributes" : { },
      "fileId" : 1439523423
    }, {
      "studyTitle" : [ "CPC-GENE" ],
      "studyAttributes" : {
        "study.geo_lab_group_id" : [ [ "112" ] ]
      },
      "experimentName" : [ "Geo_CPC-GENE_ILLUMINA_WG_{F*101}{..}{R*101}" ],
      "experimentAttributes" : { },
      "sampleName" : [ "CPCG_0235_Pr_P_PE_810_WG" ],
      "sampleAttributes" : {
        "sample.geo_library_source_template_type" : [ [ "WG" ] ],
        "sample.geo_run_id_and_position_and_slot" : [ [ "1420_6_1", "1433_8_1" ] ],
        "sample.geo_template_id" : [ [ "31343" ] ],
        "sample.geo_template_type" : [ [ "Illumina PE Library Seq" ] ],
        "sample.geo_tissue_origin" : [ [ "Pr" ] ],
        "sample.geo_tissue_type" : [ [ "P" ] ]
      },
      "sequencerRunName" : [ "130522_h803_0122_AC1N00ACXX" ],
      "sequencerRunAttributes" : {
        "sequencerrun.geo_instrument_run_id" : [ [ "1433" ] ]
      },
      "laneName" : [ "130522_h803_0122_AC1N00ACXX_lane_8" ],
      "laneAttributes" : {
        "lane.geo_lane" : [ [ "8" ] ]
      },
      "iusTag" : [ "NoIndex" ],
      "iusAttributes" : { },
      "workflowName" : [ "GenomicAlignmentNovoalign" ],
      "processingAlgorithm" : [ "PicardAddReadGroups" ],
      "processingAttributes" : { },
      "fileMetaType" : [ "application/bam" ],
      "fileAttributes" : { },
      "fileId" : 315876567
    } ]
  } ]
}
