{
  "workflowRunCount" : 2,
  "studies" : [ "Ovarian_Brain_Colon_Exome_Seq" ],
  "sequencerRuns" : [ "111212_h1080_0086_AC045BACXX", "120106_h804_0076_AD0LFWACXX" ],
  "lanes" : [ "111212_h1080_0086_AC045BACXX_lane_1", "111212_h1080_0086_AC045BACXX_lane_5", "120106_h804_0076_AD0LFWACXX_lane_1", "120106_h804_0076_AD0LFWACXX_lane_5" ],
  "samples" : [ "OBC_0001_Ov_X_PE_389_EX", "OBC_0001_nn_R_PE_388_EX" ],
  "workflows" : [ "GenomicAlignmentNovoalign" ],
  "processingAlgorithms" : [ "PicardAddReadGroups" ],
  "fileMetaTypes" : [ "application/bam" ],
  "maxInputFiles" : 2,
  "minInputFiles" : 2,
  "totalInputFiles" : 4,
  "workflowRuns" : [ {
    "workflowIni" : {
      "aligner_name" : "GenomicAlignmentNovoalign",
      "do_filter" : "true",
      "do_mark_duplicates" : "true",
      "do_remove_duplicates" : "true",
      "do_sam_filter" : "true",
      "identifier" : "OBC_0001_Ov_X_EX",
      "java" : "${workflow_bundle_dir}/Workflow_Bundle_BamFilterMergeCollapse/1.3/bin/jre1.7.0_51/bin/java",
      "manual_output" : "false",
      "metadata" : "metadata",
      "output_dir" : "seqware-results",
      "output_prefix" : "./",
      "picard_dir" : "${workflow_bundle_dir}/Workflow_Bundle_BamFilterMergeCollapse/1.3/bin/picard-tools-1.89/",
      "picard_mark_duplicates" : "${workflow_bundle_dir}/Workflow_Bundle_BamFilterMergeCollapse/1.3/bin/picard-tools-1.89/MarkDuplicates.jar",
      "picard_mark_duplicates_mem_mb" : "10000",
      "picard_merge_sam" : "${workflow_bundle_dir}/Workflow_Bundle_BamFilterMergeCollapse/1.3/bin/picard-tools-1.89/MergeSamFiles.jar",
      "picard_merge_sam_mem_mb" : "10000",
      "picard_merge_use_threading" : "true",
      "picard_sort_sam" : "${workflow_bundle_dir}/Workflow_Bundle_BamFilterMergeCollapse/1.3/bin/picard-tools-1.89/SortSam.jar",
      "samtools" : "${workflow_bundle_dir}/Workflow_Bundle_BamFilterMergeCollapse/1.3/bin/samtools-0.1.19/samtools",
      "samtools_filter_flag" : "260",
      "samtools_mem_mb" : "12000",
      "sort_order" : "coordinate",
      "tmp_dir" : "tmp"
    },
    "files" : [ {
      "studyTitle" : [ "Ovarian_Brain_Colon_Exome_Seq" ],
      "studyAttributes" : {
        "study.geo_lab_group_id" : [ [ "121" ] ]
      },
      "experimentName" : [ "Geo_Ovarian_Brain_Colon_Exome_Seq_ILLUMINA_EX_{F*101}{..}{R*101}" ],
      "experimentAttributes" : { },
      "sampleName" : [ "OBC_0001_Ov_X_PE_389_EX" ],
      "sampleAttributes" : {
        "sample.geo_library_source_template_type" : [ [ "EX" ] ],
        "sample.geo_reaction_id" : [ [ "5581", "5773" ] ],
        "sample.geo_run_id_and_position_and_slot" : [ [ "866_1_1", "889_1_1" ] ],
        "sample.geo_targeted_resequencing" : [ [ "Agilent SureSelect ICGC/Sanger Exon" ] ],
        "sample.geo_template_id" : [ [ "15687" ] ],
        "sample.geo_template_type" : [ [ "Illumina PE Library Seq" ] ],
        "sample.geo_tissue_origin" : [ [ "Ov" ] ],
        "sample.geo_tissue_type" : [ [ "X" ] ]
      },
      "sequencerRunName" : [ "111212_h1080_0086_AC045BACXX" ],
      "sequencerRunAttributes" : {
        "sequencerrun.geo_instrument_run_id" : [ [ "866" ] ]
      },
      "laneName" : [ "111212_h1080_0086_AC045BACXX_lane_1" ],
      "laneAttributes" : {
        "lane.geo_lane" : [ [ "1" ] ]
      },
      "iusTag" : [ "ATCACG" ],
      "iusAttributes" : { },
      "workflowName" : [ "GenomicAlignmentNovoalign" ],
      "processingAlgorithm" : [ "PicardAddReadGroups" ],
      "processingAttributes" : { },
      "fileMetaType" : [ "application/bam" ],
      "fileAttributes" : { },
      "fileId" : -738352298
    }, {
      "studyTitle" : [ "Ovarian_Brain_Colon_Exome_Seq" ],
      "studyAttributes" : {
        "study.geo_lab_group_id" : [ [ "121" ] ]
      },
      "experimentName" : [ "Geo_Ovarian_Brain_Colon_Exome_Seq_ILLUMINA_EX_{F*101}{..}{R*101}" ],
      "experimentAttributes" : { },
      "sampleName" : [ "OBC_0001_Ov_X_PE_389_EX" ],
      "sampleAttributes" : {
        "sample.geo_library_source_template_type" : [ [ "EX" ] ],
        "sample.geo_reaction_id" : [ [ "5581", "5773" ] ],
        "sample.geo_run_id_and_position_and_slot" : [ [ "866_1_1", "889_1_1" ] ],
        "sample.geo_targeted_resequencing" : [ [ "Agilent SureSelect ICGC/Sanger Exon" ] ],
        "sample.geo_template_id" : [ [ "15687" ] ],
        "sample.geo_template_type" : [ [ "Illumina PE Library Seq" ] ],
        "sample.geo_tissue_origin" : [ [ "Ov" ] ],
        "sample.geo_tissue_type" : [ [ "X" ] ]
      },
      "sequencerRunName" : [ "120106_h804_0076_AD0LFWACXX" ],
      "sequencerRunAttributes" : {
        "sequencerrun.geo_instrument_run_id" : [ [ "889" ] ]
      },
      "laneName" : [ "120106_h804_0076_AD0LFWACXX_lane_1" ],
      "laneAttributes" : {
        "lane.geo_lane" : [ [ "1" ] ]
      },
      "iusTag" : [ "ATCACG" ],
      "iusAttributes" : { },
      "workflowName" : [ "GenomicAlignmentNovoalign" ],
      "processingAlgorithm" : [ "PicardAddReadGroups" ],
      "processingAttributes" : { },
      "fileMetaType" : [ "application/bam" ],
      "fileAttributes" : { },
      "fileId" : 1006413682
    } ]
  }, {
    "workflowIni" : {
      "aligner_name" : "GenomicAlignmentNovoalign",
      "do_filter" : "true",
      "do_mark_duplicates" : "true",
      "do_remove_duplicates" : "true",
      "do_sam_filter" : "true",
      "identifier" : "OBC_0001_nn_R_EX",
      "java" : "${workflow_bundle_dir}/Workflow_Bundle_BamFilterMergeCollapse/1.3/bin/jre1.7.0_51/bin/java",
      "manual_output" : "false",
      "metadata" : "metadata",
      "output_dir" : "seqware-results",
      "output_prefix" : "./",
      "picard_dir" : "${workflow_bundle_dir}/Workflow_Bundle_BamFilterMergeCollapse/1.3/bin/picard-tools-1.89/",
      "picard_mark_duplicates" : "${workflow_bundle_dir}/Workflow_Bundle_BamFilterMergeCollapse/1.3/bin/picard-tools-1.89/MarkDuplicates.jar",
      "picard_mark_duplicates_mem_mb" : "10000",
      "picard_merge_sam" : "${workflow_bundle_dir}/Workflow_Bundle_BamFilterMergeCollapse/1.3/bin/picard-tools-1.89/MergeSamFiles.jar",
      "picard_merge_sam_mem_mb" : "10000",
      "picard_merge_use_threading" : "true",
      "picard_sort_sam" : "${workflow_bundle_dir}/Workflow_Bundle_BamFilterMergeCollapse/1.3/bin/picard-tools-1.89/SortSam.jar",
      "samtools" : "${workflow_bundle_dir}/Workflow_Bundle_BamFilterMergeCollapse/1.3/bin/samtools-0.1.19/samtools",
      "samtools_filter_flag" : "260",
      "samtools_mem_mb" : "12000",
      "sort_order" : "coordinate",
      "tmp_dir" : "tmp"
    },
    "files" : [ {
      "studyTitle" : [ "Ovarian_Brain_Colon_Exome_Seq" ],
      "studyAttributes" : {
        "study.geo_lab_group_id" : [ [ "121" ] ]
      },
      "experimentName" : [ "Geo_Ovarian_Brain_Colon_Exome_Seq_ILLUMINA_EX_{F*101}{..}{R*101}" ],
      "experimentAttributes" : { },
      "sampleName" : [ "OBC_0001_nn_R_PE_388_EX" ],
      "sampleAttributes" : {
        "sample.geo_library_source_template_type" : [ [ "EX" ] ],
        "sample.geo_reaction_id" : [ [ "5589", "5781" ] ],
        "sample.geo_run_id_and_position_and_slot" : [ [ "866_5_1", "889_5_1" ] ],
        "sample.geo_targeted_resequencing" : [ [ "Agilent SureSelect ICGC/Sanger Exon" ] ],
        "sample.geo_template_id" : [ [ "15703" ] ],
        "sample.geo_template_type" : [ [ "Illumina PE Library Seq" ] ],
        "sample.geo_tissue_origin" : [ [ "nn" ] ],
        "sample.geo_tissue_type" : [ [ "R" ] ]
      },
      "sequencerRunName" : [ "111212_h1080_0086_AC045BACXX" ],
      "sequencerRunAttributes" : {
        "sequencerrun.geo_instrument_run_id" : [ [ "866" ] ]
      },
      "laneName" : [ "111212_h1080_0086_AC045BACXX_lane_5" ],
      "laneAttributes" : {
        "lane.geo_lane" : [ [ "5" ] ]
      },
      "iusTag" : [ "GATCAG" ],
      "iusAttributes" : { },
      "workflowName" : [ "GenomicAlignmentNovoalign" ],
      "processingAlgorithm" : [ "PicardAddReadGroups" ],
      "processingAttributes" : { },
      "fileMetaType" : [ "application/bam" ],
      "fileAttributes" : { },
      "fileId" : -24655320
    }, {
      "studyTitle" : [ "Ovarian_Brain_Colon_Exome_Seq" ],
      "studyAttributes" : {
        "study.geo_lab_group_id" : [ [ "121" ] ]
      },
      "experimentName" : [ "Geo_Ovarian_Brain_Colon_Exome_Seq_ILLUMINA_EX_{F*101}{..}{R*101}" ],
      "experimentAttributes" : { },
      "sampleName" : [ "OBC_0001_nn_R_PE_388_EX" ],
      "sampleAttributes" : {
        "sample.geo_library_source_template_type" : [ [ "EX" ] ],
        "sample.geo_reaction_id" : [ [ "5589", "5781" ] ],
        "sample.geo_run_id_and_position_and_slot" : [ [ "866_5_1", "889_5_1" ] ],
        "sample.geo_targeted_resequencing" : [ [ "Agilent SureSelect ICGC/Sanger Exon" ] ],
        "sample.geo_template_id" : [ [ "15703" ] ],
        "sample.geo_template_type" : [ [ "Illumina PE Library Seq" ] ],
        "sample.geo_tissue_origin" : [ [ "nn" ] ],
        "sample.geo_tissue_type" : [ [ "R" ] ]
      },
      "sequencerRunName" : [ "120106_h804_0076_AD0LFWACXX" ],
      "sequencerRunAttributes" : {
        "sequencerrun.geo_instrument_run_id" : [ [ "889" ] ]
      },
      "laneName" : [ "120106_h804_0076_AD0LFWACXX_lane_5" ],
      "laneAttributes" : {
        "lane.geo_lane" : [ [ "5" ] ]
      },
      "iusTag" : [ "GATCAG" ],
      "iusAttributes" : { },
      "workflowName" : [ "GenomicAlignmentNovoalign" ],
      "processingAlgorithm" : [ "PicardAddReadGroups" ],
      "processingAttributes" : { },
      "fileMetaType" : [ "application/bam" ],
      "fileAttributes" : { },
      "fileId" : -601632606
    } ]
  } ]
}