{
  "workflowRunCount" : 1,
  "studies" : [ "TGL01" ],
  "sequencerRuns" : [ "170315_D00343_0165_BCAUK4ANXX" ],
  "lanes" : [ "170315_D00343_0165_BCAUK4ANXX_lane_1", "170315_D00343_0165_BCAUK4ANXX_lane_4" ],
  "samples" : [ "TGL01_0019_Oc_P_PE_420_EX", "TGL01_0019_Pb_R_PE_425_EX" ],
  "workflows" : [ "BwaMem" ],
  "processingAlgorithms" : [ "ProvisionFiles" ],
  "fileMetaTypes" : [ "application/bam" ],
  "maxInputFiles" : 2,
  "minInputFiles" : 2,
  "totalInputFiles" : 2,
  "workflowRuns" : [ {
    "workflowIni" : {
      "aligner_name" : "BwaMem",
      "bqsr_covariates" : "ReadGroupCovariate,QualityScoreCovariate,CycleCovariate,ContextCovariate,RepeatLengthCovariate,RepeatUnitCovariate,RepeatUnitAndLengthCovariate",
      "chr_sizes" : "chr1,chr2,chr3,chr4,chr5,chr6,chr7,chr8,chr9,chr10,chr11,chr12,chr13,chr14,chr15,chr16,chr17,chr18,chr19,chr20,chr21,chr22,chrX,chrY,chrM",
      "do_bqsr" : "true",
      "do_mark_duplicates" : "true",
      "do_remove_duplicates" : "true",
      "do_sam_filter" : "true",
      "gatk_base_recalibrator_mem" : "9728",
      "gatk_base_recalibrator_nct" : "24",
      "gatk_base_recalibrator_smp" : "20",
      "gatk_base_recalibrator_xmx" : "8192",
      "gatk_dbsnp_vcf" : "/.mounts/labs/PDE/data/MutectStrelka/dbSNP/dbsnp_138.hg19.leftAligned.vcf.gz",
      "gatk_indel_realigner_xmx" : "12",
      "gatk_key" : "/.mounts/labs/PDE/data/gatkAnnotationResources/GATK_public.key",
      "gatk_print_reads_xmx" : "12",
      "gatk_realign_target_creator_xmx" : "12",
      "gatk_sched_overhead_mem" : "4",
      "interval-padding" : "100",
      "java" : "${workflow_bundle_dir}/Workflow_Bundle_BamMergePreprocessing/1.1/bin/jre1.7.0_51/bin/java",
      "manual_output" : "false",
      "metadata" : "metadata",
      "output_dir" : "seqware-results",
      "output_identifiers" : "TGL01_0019_Oc_P_EX;TGL01_0019_Pb_R_EX",
      "output_prefix" : "./",
      "picard_dir" : "${workflow_bundle_dir}/Workflow_Bundle_BamMergePreprocessing/1.1/bin/picard-tools-1.89/",
      "picard_mark_duplicates" : "${workflow_bundle_dir}/Workflow_Bundle_BamMergePreprocessing/1.1/bin/picard-tools-1.89/MarkDuplicates.jar",
      "picard_mark_duplicates_mem_mb" : "10000",
      "picard_merge_sam" : "${workflow_bundle_dir}/Workflow_Bundle_BamMergePreprocessing/1.1/bin/picard-tools-1.89/MergeSamFiles.jar",
      "picard_merge_sam_mem_mb" : "10000",
      "picard_merge_use_threading" : "true",
      "picard_sort_sam" : "${workflow_bundle_dir}/Workflow_Bundle_BamMergePreprocessing/1.1/bin/picard-tools-1.89/SortSam.jar",
      "queue" : "",
      "r_dir" : "/oicr/local/analysis/sw/R/R-3.1.0/",
      "ref_fasta" : "/.mounts/labs/PDE/data/gatkAnnotationResources/hg19_random.fa",
      "samtools" : "${workflow_bundle_dir}/Workflow_Bundle_BamMergePreprocessing/1.1/bin/samtools-0.1.19/samtools",
      "samtools_filter_flag" : "260",
      "samtools_mem_mb" : "12000",
      "sort_order" : "coordinate",
      "stand-call-conf" : "30.0",
      "stand-emit-conf" : "1.0",
      "tmp_dir" : "tmp"
    },
    "files" : [ {
      "studyTitle" : [ "TGL01" ],
      "studyAttributes" : { },
      "experimentName" : [ ],
      "experimentAttributes" : { },
      "sampleName" : [ "TGL01_0019_Oc_P_PE_420_EX" ],
      "sampleAttributes" : {
        "geo_external_name" : [ [ "INS-A-007" ] ],
        "geo_library_source_template_type" : [ [ "EX" ] ],
        "geo_organism" : [ [ "Homo sapiens" ] ],
        "geo_prep_kit" : [ [ "Agilent SureSelect Human All Exon V5 + UTRs" ] ],
        "geo_purpose" : [ [ "Library" ] ],
        "geo_receive_date" : [ [ "2016-12-16" ] ],
        "geo_run_id_and_position" : [ [ "1808_4" ] ],
        "geo_str_result" : [ [ "Not Submitted" ] ],
        "geo_targeted_resequencing" : [ [ "Agilent SureSelect Human All Exon V5 + UTRs" ] ],
        "geo_template_type" : [ [ "Illumina PE Library" ] ],
        "geo_tissue_origin" : [ [ "Oc" ] ],
        "geo_tissue_preparation" : [ [ "FFPE" ] ],
        "geo_tissue_type" : [ [ "P" ] ]
      },
      "sequencerRunName" : [ "170315_D00343_0165_BCAUK4ANXX" ],
      "sequencerRunAttributes" : {
        "instrument_name" : [ [ "D00343" ] ]
      },
      "laneName" : [ "170315_D00343_0165_BCAUK4ANXX_lane_4" ],
      "laneAttributes" : { },
      "iusTag" : [ "CACTTCGA" ],
      "iusAttributes" : { },
      "workflowName" : [ "BwaMem" ],
      "processingAlgorithm" : [ "ProvisionFiles" ],
      "processingAttributes" : { },
      "fileMetaType" : [ "application/bam" ],
      "fileAttributes" : { },
      "fileId" : 2141736595
    }, {
      "studyTitle" : [ "TGL01" ],
      "studyAttributes" : { },
      "experimentName" : [ ],
      "experimentAttributes" : { },
      "sampleName" : [ "TGL01_0019_Pb_R_PE_425_EX" ],
      "sampleAttributes" : {
        "geo_external_name" : [ [ "INS-A-007" ] ],
        "geo_library_source_template_type" : [ [ "EX" ] ],
        "geo_organism" : [ [ "Homo sapiens" ] ],
        "geo_prep_kit" : [ [ "Agilent SureSelect Human All Exon V5 + UTRs" ] ],
        "geo_purpose" : [ [ "Library" ] ],
        "geo_receive_date" : [ [ "2016-12-16" ] ],
        "geo_run_id_and_position" : [ [ "1808_1" ] ],
        "geo_str_result" : [ [ "Not Submitted" ] ],
        "geo_targeted_resequencing" : [ [ "Agilent SureSelect Human All Exon V5 + UTRs" ] ],
        "geo_template_type" : [ [ "Illumina PE Library" ] ],
        "geo_tissue_origin" : [ [ "Pb" ] ],
        "geo_tissue_preparation" : [ [ "FFPE" ] ],
        "geo_tissue_type" : [ [ "R" ] ]
      },
      "sequencerRunName" : [ "170315_D00343_0165_BCAUK4ANXX" ],
      "sequencerRunAttributes" : {
        "instrument_name" : [ [ "D00343" ] ]
      },
      "laneName" : [ "170315_D00343_0165_BCAUK4ANXX_lane_1" ],
      "laneAttributes" : { },
      "iusTag" : [ "AACGTGAT" ],
      "iusAttributes" : { },
      "workflowName" : [ "BwaMem" ],
      "processingAlgorithm" : [ "ProvisionFiles" ],
      "processingAttributes" : { },
      "fileMetaType" : [ "application/bam" ],
      "fileAttributes" : { },
      "fileId" : -457482428
    } ]
  } ]
}