{
  "workflowRunCount" : 1,
  "studies" : [ "TGL01" ],
  "sequencerRuns" : [ "170215_NB551056_0008_AHGGMMBGX2" ],
  "lanes" : [ "170215_NB551056_0008_AHGGMMBGX2_lane_1" ],
  "samples" : [ "TGL01_0009_Oc_P_PE_243_WT" ],
  "workflows" : [ "STAR" ],
  "processingAlgorithms" : [ "ProvisionFiles" ],
  "fileMetaTypes" : [ "application/bam" ],
  "maxInputFiles" : 1,
  "minInputFiles" : 1,
  "totalInputFiles" : 1,
  "maxOutputFileProvenanceRecords" : 1,
  "minOutputFileProvenanceRecords" : 1,
  "totalOutputFileProvenanceRecords" : 1,
  "workflowRuns" : [ {
    "workflowIni" : {
      "aligner_name" : "STAR",
      "bqsr_covariates" : "ReadGroupCovariate,QualityScoreCovariate,CycleCovariate,ContextCovariate,RepeatLengthCovariate,RepeatUnitCovariate,RepeatUnitAndLengthCovariate",
      "chr_sizes" : "chr1,chr2,chr3,chr4,chr5,chr6,chr7,chr8,chr9,chr10,chr11,chr12,chr13,chr14,chr15,chr16,chr17,chr18,chr19,chr20,chr21,chr22,chrX,chrY,chrM",
      "do_bqsr" : "true",
      "do_mark_duplicates" : "true",
      "do_remove_duplicates" : "true",
      "do_sam_filter" : "true",
      "do_split_trim_reassign_quality" : "true",
      "gatk_base_recalibrator_mem" : "9728",
      "gatk_base_recalibrator_nct" : "24",
      "gatk_base_recalibrator_smp" : "20",
      "gatk_base_recalibrator_xmx" : "8192",
      "gatk_dbsnp_vcf" : "/.mounts/labs/PDE/data/MutectStrelka/dbSNP/dbsnp_138.hg19.leftAligned.vcf.gz",
      "gatk_indel_realigner_xmx" : "12",
      "gatk_jar" : "${workflow_bundle_dir}/Workflow_Bundle_BamMergePreprocessing/1.2/bin/GenomeAnalysisTK-3.4-46/GenomeAnalysisTK.jar",
      "gatk_key" : "/.mounts/labs/PDE/data/gatkAnnotationResources/GATK_public.key",
      "gatk_print_reads_xmx" : "12",
      "gatk_realign_target_creator_xmx" : "12",
      "gatk_sched_overhead_mem" : "6",
      "identifier" : "TGL01_0009_Oc_P_WT",
      "index_mem" : "8000",
      "interval-padding" : "100",
      "java" : "${workflow_bundle_dir}/Workflow_Bundle_BamMergePreprocessing/1.2/bin/jre1.8.0_45/bin/java",
      "manual_output" : "false",
      "metadata" : "metadata",
      "output_dir" : "seqware-results",
      "output_identifiers" : "TGL01_0009_Oc_P_WT",
      "output_prefix" : "./",
      "picard_dir" : "${workflow_bundle_dir}/Workflow_Bundle_BamMergePreprocessing/1.2/bin/picard-tools-1.89/",
      "picard_mark_duplicates" : "${workflow_bundle_dir}/Workflow_Bundle_BamMergePreprocessing/1.2/bin/picard-tools-1.89/MarkDuplicates.jar",
      "picard_mark_duplicates_mem_mb" : "10000",
      "picard_merge_sam" : "${workflow_bundle_dir}/Workflow_Bundle_BamMergePreprocessing/1.2/bin/picard-tools-1.89/MergeSamFiles.jar",
      "picard_merge_sam_mem_mb" : "10000",
      "picard_merge_use_threading" : "true",
      "picard_sort_sam" : "${workflow_bundle_dir}/Workflow_Bundle_BamMergePreprocessing/1.2/bin/picard-tools-1.89/SortSam.jar",
      "queue" : "",
      "r_dir" : "/oicr/local/analysis/sw/R/R-3.3.0/",
      "reassign_One_Mapping_Quality" : "false",
      "ref_fasta" : "/.mounts/labs/PDE/data/gatkAnnotationResources/hg19_random.fa",
      "samtools" : "${workflow_bundle_dir}/Workflow_Bundle_BamMergePreprocessing/1.2/bin/samtools-0.1.19/samtools",
      "samtools_filter_flag" : "260",
      "samtools_mem_mb" : "12000",
      "sort_order" : "coordinate",
      "split_cigar_RMQF" : "255",
      "split_cigar_RMQT" : "60",
      "split_cigar_Xmxg" : "16",
      "stand-call-conf" : "30.0",
      "stand-emit-conf" : "1.0",
      "tmp_dir" : "tmp"
    },
    "files" : [ {
      "studyTitle" : [ "TGL01" ],
      "studyAttributes" : { },
      "experimentName" : [ ],
      "experimentAttributes" : { },
      "sampleName" : [ "TGL01_0009_Oc_P_PE_243_WT" ],
      "sampleAttributes" : {
        "geo_external_name" : [ [ "INS-A-004" ] ],
        "geo_library_source_template_type" : [ [ "WT" ] ],
        "geo_organism" : [ [ "Homo sapiens" ] ],
        "geo_prep_kit" : [ [ "TruSeq_Stranded_TotalRNA" ] ],
        "geo_purpose" : [ [ "Library" ] ],
        "geo_receive_date" : [ [ "2016-12-16" ] ],
        "geo_run_id_and_position" : [ [ "1794_1" ] ],
        "geo_str_result" : [ [ "Not Submitted" ] ],
        "geo_template_type" : [ [ "Illumina PE Library Seq" ] ],
        "geo_tissue_origin" : [ [ "Oc" ] ],
        "geo_tissue_preparation" : [ [ "FFPE" ] ],
        "geo_tissue_type" : [ [ "P" ] ]
      },
      "sequencerRunName" : [ "170215_NB551056_0008_AHGGMMBGX2" ],
      "sequencerRunAttributes" : {
        "instrument_name" : [ [ "NB551056" ] ]
      },
      "laneName" : [ "170215_NB551056_0008_AHGGMMBGX2_lane_1" ],
      "laneAttributes" : {
        "pool_name" : [ [ "HGGMMBGX2" ] ]
      },
      "iusTag" : [ "ACAGTG" ],
      "iusAttributes" : { },
      "workflowName" : [ "STAR" ],
      "processingAlgorithm" : [ "ProvisionFiles" ],
      "processingAttributes" : { },
      "fileMetaType" : [ "application/bam" ],
      "fileAttributes" : {
        "cvterms" : [ [ "EDAM:format_2572,EDAM:format_1921,EDAM:topic_0182" ] ]
      },
      "fileId" : -1529140559
    } ],
    "outputFileProvenanceRecords" : 1
  } ]
}